FC069: Ensure standardized license defined in metadata: ./metadata.rb:1
