FC016: LWRP does not declare a default action: ./resources/ipaddr.rb:1
FC017: LWRP does not notify when updated: ./providers/default.rb:20
FC059: LWRP provider does not declare use_inline_resources: ./providers/default.rb:1
FC059: LWRP provider does not declare use_inline_resources: ./providers/null.rb:1
FC064: Ensure issues_url is set in metadata: ./metadata.rb:1
FC065: Ensure source_url is set in metadata: ./metadata.rb:1
FC066: Ensure chef_version is set in metadata: ./metadata.rb:1
FC069: Ensure standardized license defined in metadata: ./metadata.rb:1
