FC017: LWRP does not notify when updated: ./providers/tap.rb:13
FC017: LWRP does not notify when updated: ./providers/tap.rb:21
FC059: LWRP provider does not declare use_inline_resources: ./providers/tap.rb:1
FC064: Ensure issues_url is set in metadata: ./metadata.rb:1
FC065: Ensure source_url is set in metadata: ./metadata.rb:1
FC066: Ensure chef_version is set in metadata: ./metadata.rb:1
FC069: Ensure standardized license defined in metadata: ./metadata.rb:1
