FC017: LWRP does not notify when updated: ./providers/default.rb:19
FC019: Access node attributes in a consistent manner: ./recipes/default.rb:69
FC059: LWRP provider does not declare use_inline_resources: ./providers/default.rb:1
FC064: Ensure issues_url is set in metadata: ./metadata.rb:1
FC065: Ensure source_url is set in metadata: ./metadata.rb:1
FC066: Ensure chef_version is set in metadata: ./metadata.rb:1
FC069: Ensure standardized license defined in metadata: ./metadata.rb:1
FC074: LWRP should use DSL to define resource's default action: ./resources/default.rb:1
