FC043: Prefer new notification syntax: ./recipes/default.rb:50
FC043: Prefer new notification syntax: ./recipes/default.rb:58
FC043: Prefer new notification syntax: ./recipes/default.rb:67
FC043: Prefer new notification syntax: ./recipes/users.rb:22
FC064: Ensure issues_url is set in metadata: ./metadata.rb:1
FC065: Ensure source_url is set in metadata: ./metadata.rb:1
FC066: Ensure chef_version is set in metadata: ./metadata.rb:1
FC069: Ensure standardized license defined in metadata: ./metadata.rb:1
