FC047: Attribute assignment does not specify precedence: ./providers/manage.rb:55
FC059: LWRP provider does not declare use_inline_resources: ./providers/manage.rb:1
FC064: Ensure issues_url is set in metadata: ./metadata.rb:1
FC065: Ensure source_url is set in metadata: ./metadata.rb:1
FC066: Ensure chef_version is set in metadata: ./metadata.rb:1
FC069: Ensure standardized license defined in metadata: ./metadata.rb:1
FC074: LWRP should use DSL to define resource's default action: ./resources/manage.rb:1
FC078: Ensure cookbook shared under an OSI-approved open source license: ./metadata.rb:1
FC080: User resource uses supports property: ./providers/manage.rb:87
FC080: User resource uses supports property: ./providers/manage.rb:89
