FC001: Use strings in preference to symbols to access node attributes: ./providers/reboot.rb:22
FC001: Use strings in preference to symbols to access node attributes: ./providers/reboot.rb:23
FC001: Use strings in preference to symbols to access node attributes: ./providers/reboot.rb:24
FC002: Avoid string interpolation where not required: ./libraries/registry_helper.rb:99
FC002: Avoid string interpolation where not required: ./libraries/registry_helper.rb:173
FC002: Avoid string interpolation where not required: ./libraries/windows_privileged.rb:42
FC002: Avoid string interpolation where not required: ./libraries/windows_privileged.rb:56
FC017: LWRP does not notify when updated: ./providers/auto_run.rb:21
FC017: LWRP does not notify when updated: ./providers/auto_run.rb:27
FC017: LWRP does not notify when updated: ./providers/batch.rb:24
FC017: LWRP does not notify when updated: ./providers/package.rb:35
FC017: LWRP does not notify when updated: ./providers/package.rb:53
FC017: LWRP does not notify when updated: ./providers/package.rb:64
FC017: LWRP does not notify when updated: ./providers/pagefile.rb:24
FC017: LWRP does not notify when updated: ./providers/pagefile.rb:66
FC017: LWRP does not notify when updated: ./providers/path.rb:21
FC017: LWRP does not notify when updated: ./providers/path.rb:29
FC017: LWRP does not notify when updated: ./providers/reboot.rb:21
FC017: LWRP does not notify when updated: ./providers/reboot.rb:27
FC017: LWRP does not notify when updated: ./providers/registry.rb:27
FC017: LWRP does not notify when updated: ./providers/registry.rb:31
FC017: LWRP does not notify when updated: ./providers/registry.rb:35
FC017: LWRP does not notify when updated: ./providers/registry.rb:61
FC017: LWRP does not notify when updated: ./providers/task.rb:24
FC017: LWRP does not notify when updated: ./providers/task.rb:43
FC017: LWRP does not notify when updated: ./providers/task.rb:58
FC017: LWRP does not notify when updated: ./providers/task.rb:75
FC017: LWRP does not notify when updated: ./providers/zipfile.rb:27
FC017: LWRP does not notify when updated: ./providers/zipfile.rb:44
FC018: LWRP uses deprecated notification syntax: ./providers/shortcut.rb:54
FC048: Prefer Mixlib::ShellOut: ./providers/task.rb:106
FC059: LWRP provider does not declare use_inline_resources: ./providers/auto_run.rb:1
FC059: LWRP provider does not declare use_inline_resources: ./providers/batch.rb:1
FC059: LWRP provider does not declare use_inline_resources: ./providers/feature_dism.rb:1
FC059: LWRP provider does not declare use_inline_resources: ./providers/feature_servermanagercmd.rb:1
FC059: LWRP provider does not declare use_inline_resources: ./providers/package.rb:1
FC059: LWRP provider does not declare use_inline_resources: ./providers/pagefile.rb:1
FC059: LWRP provider does not declare use_inline_resources: ./providers/path.rb:1
FC059: LWRP provider does not declare use_inline_resources: ./providers/reboot.rb:1
FC059: LWRP provider does not declare use_inline_resources: ./providers/registry.rb:1
FC059: LWRP provider does not declare use_inline_resources: ./providers/shortcut.rb:1
FC059: LWRP provider does not declare use_inline_resources: ./providers/task.rb:1
FC059: LWRP provider does not declare use_inline_resources: ./providers/zipfile.rb:1
FC064: Ensure issues_url is set in metadata: ./metadata.rb:1
FC065: Ensure source_url is set in metadata: ./metadata.rb:1
FC066: Ensure chef_version is set in metadata: ./metadata.rb:1
FC069: Ensure standardized license defined in metadata: ./metadata.rb:1
FC074: LWRP should use DSL to define resource's default action: ./resources/auto_run.rb:1
FC074: LWRP should use DSL to define resource's default action: ./resources/batch.rb:1
FC074: LWRP should use DSL to define resource's default action: ./resources/feature.rb:1
FC074: LWRP should use DSL to define resource's default action: ./resources/package.rb:1
FC074: LWRP should use DSL to define resource's default action: ./resources/path.rb:1
FC074: LWRP should use DSL to define resource's default action: ./resources/reboot.rb:1
FC074: LWRP should use DSL to define resource's default action: ./resources/registry.rb:1
FC074: LWRP should use DSL to define resource's default action: ./resources/shortcut.rb:1
FC074: LWRP should use DSL to define resource's default action: ./resources/task.rb:1
FC074: LWRP should use DSL to define resource's default action: ./resources/zipfile.rb:1
FC078: Ensure cookbook shared under an OSI-approved open source license: ./metadata.rb:1
